V3 23
FL C:/Work/_Uni/Sem_04/EDA/Xilinx/EDA_Miniprojekt/Clk_div_2.vhd 2010/12/25.21:39:21 M.70d
EN work/Clk_div_2 1294242755 \
      FL C:/Work/_Uni/Sem_04/EDA/Xilinx/EDA_Miniprojekt/Clk_div_2.vhd \
      PB ieee/std_logic_1164 1284609568
AR work/Clk_div_2/Behavioral 1294242756 \
      FL C:/Work/_Uni/Sem_04/EDA/Xilinx/EDA_Miniprojekt/Clk_div_2.vhd \
      EN work/Clk_div_2 1294242755
FL C:/Work/_Uni/Sem_04/EDA/Xilinx/EDA_Miniprojekt/clk_div_ctrl.vhd 2011/01/05.16:41:30 M.70d
EN work/clk_div_ctrl 1294242757 \
      FL C:/Work/_Uni/Sem_04/EDA/Xilinx/EDA_Miniprojekt/clk_div_ctrl.vhd \
      PB ieee/std_logic_1164 1284609568
AR work/clk_div_ctrl/Behavioral 1294242758 \
      FL C:/Work/_Uni/Sem_04/EDA/Xilinx/EDA_Miniprojekt/clk_div_ctrl.vhd \
      EN work/clk_div_ctrl 1294242757
FL C:/Work/_Uni/Sem_04/EDA/Xilinx/EDA_Miniprojekt/Miniprojekt.vhf 2011/01/04.22:25:49 M.70d
EN work/Miniprojekt 1294242759 \
      FL C:/Work/_Uni/Sem_04/EDA/Xilinx/EDA_Miniprojekt/Miniprojekt.vhf \
      PB ieee/std_logic_1164 1284609568 PB ieee/NUMERIC_STD 1284609569 LB UNISIM \
      PH unisim/VCOMPONENTS 1284609568
AR work/Miniprojekt/BEHAVIORAL 1294242760 \
      FL C:/Work/_Uni/Sem_04/EDA/Xilinx/EDA_Miniprojekt/Miniprojekt.vhf \
      EN work/Miniprojekt 1294242759 CP vgatest CP Clk_div_2 CP clk_div_ctrl
FL C:/Work/_Uni/Sem_04/EDA/Xilinx/EDA_Miniprojekt/VGADrive.vhd 2010/12/21.16:16:40 M.70d
EN work/VGAdrive 1294242751 \
      FL C:/Work/_Uni/Sem_04/EDA/Xilinx/EDA_Miniprojekt/VGADrive.vhd \
      PB ieee/std_logic_1164 1284609568 PB ieee/std_logic_arith 1284609569 \
      PB ieee/STD_LOGIC_UNSIGNED 1284609570
AR work/VGAdrive/behaviour1 1294242752 \
      FL C:/Work/_Uni/Sem_04/EDA/Xilinx/EDA_Miniprojekt/VGADrive.vhd \
      EN work/VGAdrive 1294242751
FL C:/Work/_Uni/Sem_04/EDA/Xilinx/EDA_Miniprojekt/vgatest.vhd 2011/01/05.16:52:20 M.70d
EN work/vgatest 1294242753 \
      FL C:/Work/_Uni/Sem_04/EDA/Xilinx/EDA_Miniprojekt/vgatest.vhd \
      PB ieee/std_logic_1164 1284609568 PB ieee/std_logic_arith 1284609569 \
      PB ieee/STD_LOGIC_UNSIGNED 1284609570
AR work/vgatest/test 1294242754 \
      FL C:/Work/_Uni/Sem_04/EDA/Xilinx/EDA_Miniprojekt/vgatest.vhd \
      EN work/vgatest 1294242753 CP vgadrive
FL C:/Work/_Uni/Sem_04/EDA/Xilinx/Uebung_3/clkteiler1hz.vhd 2010/12/02.13:01:46 M.70d
EN work/clkteiler1hz 1293561080 \
      FL C:/Work/_Uni/Sem_04/EDA/Xilinx/Uebung_3/clkteiler1hz.vhd \
      PB ieee/std_logic_1164 1284609568
AR work/clkteiler1hz/Behavioral 1293561081 \
      FL C:/Work/_Uni/Sem_04/EDA/Xilinx/Uebung_3/clkteiler1hz.vhd \
      EN work/clkteiler1hz 1293561080
